2025-01-17 09:40:27 - Starting Logback1Application using Java 17.0.13 with PID 29520 (C:\Users\VOrlov\Code\logback1\build\classes\java\main started by VOrlov in C:\Users\VOrlov\Code\logback1)
2025-01-17 09:40:27 - No active profile set, falling back to 1 default profile: "default"
2025-01-17 09:40:27 - Started Logback1Application in 0.632 seconds (process running for 1.312)
2025-01-17 09:40:27 - This is an info message
2025-01-17 09:43:52 - Starting Logback1Application using Java 17.0.13 with PID 7684 (C:\Users\VOrlov\Code\logback1\build\classes\java\main started by VOrlov in C:\Users\VOrlov\Code\logback1)
2025-01-17 09:43:52 - No active profile set, falling back to 1 default profile: "default"
2025-01-17 09:43:53 - Started Logback1Application in 0.627 seconds (process running for 0.811)
2025-01-17 09:43:53 - This is an info message
2025-01-17 09:44:47 [main] INFO  r.p.s.logback1.Logback1Application - Starting Logback1Application using Java 17.0.13 with PID 8296 (C:\Users\VOrlov\Code\logback1\build\classes\java\main started by VOrlov in C:\Users\VOrlov\Code\logback1)
2025-01-17 09:44:47 [main] INFO  r.p.s.logback1.Logback1Application - No active profile set, falling back to 1 default profile: "default"
2025-01-17 09:44:48 [main] INFO  r.p.s.logback1.Logback1Application - Started Logback1Application in 0.633 seconds (process running for 0.812)
2025-01-17 09:44:48 [main] INFO  r.p.s.logback1.Logback1Application - This is an info message
2025-01-17 09:45:36 [Test worker] INFO  r.p.s.l.Logback1ApplicationTests - Starting Logback1ApplicationTests using Java 17.0.13 with PID 4352 (started by VOrlov in C:\Users\VOrlov\Code\logback1)
2025-01-17 09:45:36 [Test worker] INFO  r.p.s.l.Logback1ApplicationTests - No active profile set, falling back to 1 default profile: "default"
2025-01-17 09:45:36 [Test worker] INFO  r.p.s.l.Logback1ApplicationTests - Started Logback1ApplicationTests in 0.534 seconds (process running for 1.302)
2025-01-17 09:47:22 [Test worker] INFO  r.p.s.l.Logback1ApplicationTests - Starting Logback1ApplicationTests using Java 17.0.13 with PID 9432 (started by VOrlov in C:\Users\VOrlov\Code\logback1)
2025-01-17 09:47:22 [Test worker] INFO  r.p.s.l.Logback1ApplicationTests - No active profile set, falling back to 1 default profile: "default"
2025-01-17 09:47:22 [Test worker] INFO  r.p.s.l.Logback1ApplicationTests - Started Logback1ApplicationTests in 0.506 seconds (process running for 1.195)
2025-01-17 09:47:22 [Test worker] INFO  r.p.s.logback1.Logback1Application - Starting Logback1Application using Java 17.0.13 with PID 9432 (started by VOrlov in C:\Users\VOrlov\Code\logback1)
2025-01-17 09:47:22 [Test worker] INFO  r.p.s.logback1.Logback1Application - No active profile set, falling back to 1 default profile: "default"
2025-01-17 09:47:22 [Test worker] INFO  r.p.s.logback1.Logback1Application - Started Logback1Application in 0.08 seconds (process running for 1.718)
2025-01-17 09:47:22 [Test worker] INFO  r.p.s.logback1.Logback1Application - This is an info message
2025-01-17 09:47:23 [Test worker] INFO  r.p.s.logback1.Logback1Application - Starting Logback1Application using Java 17.0.13 with PID 9432 (started by VOrlov in C:\Users\VOrlov\Code\logback1)
2025-01-17 09:47:23 [Test worker] INFO  r.p.s.logback1.Logback1Application - No active profile set, falling back to 1 default profile: "default"
2025-01-17 09:47:23 [Test worker] INFO  r.p.s.logback1.Logback1Application - Started Logback1Application in 0.094 seconds (process running for 1.937)
2025-01-17 09:47:23 [Test worker] INFO  r.p.s.logback1.Logback1Application - This is an info message
2025-01-17 09:48:48 [Test worker] INFO  r.p.s.l.Logback1ApplicationTests - Starting Logback1ApplicationTests using Java 17.0.13 with PID 39384 (started by VOrlov in C:\Users\VOrlov\Code\logback1)
2025-01-17 09:48:48 [Test worker] INFO  r.p.s.l.Logback1ApplicationTests - No active profile set, falling back to 1 default profile: "default"
2025-01-17 09:48:48 [Test worker] INFO  r.p.s.l.Logback1ApplicationTests - Started Logback1ApplicationTests in 0.519 seconds (process running for 1.179)
2025-01-17 09:48:49 [Test worker] INFO  r.p.s.logback1.Logback1Application - Starting Logback1Application using Java 17.0.13 with PID 39384 (started by VOrlov in C:\Users\VOrlov\Code\logback1)
2025-01-17 09:48:49 [Test worker] INFO  r.p.s.logback1.Logback1Application - No active profile set, falling back to 1 default profile: "default"
2025-01-17 09:48:49 [Test worker] INFO  r.p.s.logback1.Logback1Application - Started Logback1Application in 0.078 seconds (process running for 1.692)
2025-01-17 09:48:49 [Test worker] INFO  r.p.s.logback1.Logback1Application - This is an info message
2025-01-17 09:48:49 [Test worker] INFO  r.p.s.logback1.Logback1Application - Starting Logback1Application using Java 17.0.13 with PID 39384 (started by VOrlov in C:\Users\VOrlov\Code\logback1)
2025-01-17 09:48:49 [Test worker] INFO  r.p.s.logback1.Logback1Application - No active profile set, falling back to 1 default profile: "default"
2025-01-17 09:48:49 [Test worker] INFO  r.p.s.logback1.Logback1Application - Started Logback1Application in 0.073 seconds (process running for 1.869)
2025-01-17 09:48:49 [Test worker] INFO  r.p.s.logback1.Logback1Application - This is an info message
2025-01-17 09:49:14 [Test worker] INFO  r.p.s.l.Logback1ApplicationTests - Starting Logback1ApplicationTests using Java 17.0.13 with PID 14092 (started by VOrlov in C:\Users\VOrlov\Code\logback1)
2025-01-17 09:49:14 [Test worker] INFO  r.p.s.l.Logback1ApplicationTests - No active profile set, falling back to 1 default profile: "default"
2025-01-17 09:49:15 [Test worker] INFO  r.p.s.l.Logback1ApplicationTests - Started Logback1ApplicationTests in 0.509 seconds (process running for 1.176)
2025-01-17 09:49:15 [Test worker] INFO  r.p.s.logback1.Logback1Application - Starting Logback1Application using Java 17.0.13 with PID 14092 (started by VOrlov in C:\Users\VOrlov\Code\logback1)
2025-01-17 09:49:15 [Test worker] INFO  r.p.s.logback1.Logback1Application - No active profile set, falling back to 1 default profile: "default"
2025-01-17 09:49:15 [Test worker] INFO  r.p.s.logback1.Logback1Application - Started Logback1Application in 0.072 seconds (process running for 1.665)
2025-01-17 09:49:15 [Test worker] INFO  r.p.s.logback1.Logback1Application - This is an info message
2025-01-17 09:49:15 [Test worker] INFO  r.p.s.logback1.Logback1Application - Starting Logback1Application using Java 17.0.13 with PID 14092 (started by VOrlov in C:\Users\VOrlov\Code\logback1)
2025-01-17 09:49:15 [Test worker] INFO  r.p.s.logback1.Logback1Application - No active profile set, falling back to 1 default profile: "default"
2025-01-17 09:49:15 [Test worker] INFO  r.p.s.logback1.Logback1Application - Started Logback1Application in 0.071 seconds (process running for 1.772)
2025-01-17 09:49:15 [Test worker] INFO  r.p.s.logback1.Logback1Application - This is an info message
2025-01-17 09:49:15 [Test worker] INFO  r.p.s.logback1.Logback1Application - Starting Logback1Application using Java 17.0.13 with PID 14092 (started by VOrlov in C:\Users\VOrlov\Code\logback1)
2025-01-17 09:49:15 [Test worker] INFO  r.p.s.logback1.Logback1Application - No active profile set, falling back to 1 default profile: "default"
2025-01-17 09:49:15 [Test worker] INFO  r.p.s.logback1.Logback1Application - Started Logback1Application in 0.071 seconds (process running for 1.915)
2025-01-17 09:49:15 [Test worker] INFO  r.p.s.logback1.Logback1Application - This is an info message
2025-01-17 09:49:15 [Test worker] INFO  r.p.s.logback1.Logback1Application - Starting Logback1Application using Java 17.0.13 with PID 14092 (started by VOrlov in C:\Users\VOrlov\Code\logback1)
2025-01-17 09:49:15 [Test worker] INFO  r.p.s.logback1.Logback1Application - No active profile set, falling back to 1 default profile: "default"
2025-01-17 09:49:16 [Test worker] INFO  r.p.s.logback1.Logback1Application - Started Logback1Application in 0.07 seconds (process running for 1.989)
2025-01-17 09:49:16 [Test worker] INFO  r.p.s.logback1.Logback1Application - This is an info message
